(begin with two files: work.png Ali.txt)
$ git init
Initialized empty Git repository in /home/maeyler/Customer/.git/
$ git add .
$ git commit -m "Letter to Ali"
[master (root-commit) a134124] Letter to Ali
 2 files changed, 3 insertions(+)
 create mode 100644 Ali.txt
 create mode 100644 work.png
$ git checkout -b Ali
Switched to a new branch 'Ali'
$ git branch -d master 
Deleted branch master (was a134124).

$ git checkout -b Alice
Switched to a new branch 'Alice'
$ mkdir work
$ mv work.png work/Terminal.png
(Ali.txt --> Alice.txt and add another png)
$ git add .
$ git commit -m "Write to Alice"
[Alice 83e99f2] Write to Alice
 4 files changed, 4 insertions(+), 3 deletions(-)
 delete mode 100644 Ali.txt
 create mode 100644 Alice.txt
 create mode 100644 work/GitObjects.png
 rename work.png => work/Terminal.png (100%)
 
$ git checkout -b Bob
Switched to a new branch 'Bob'
(Alice.txt --> Bob.txt)
$ git add .
$ git commit -m "Same to Bob"
[Bob 6bc8fe6] Same to Bob
 1 file changed, 1 insertion(+), 1 deletion(-)
 rename Alice.txt => Bob.txt (81%)

$ git checkout Ali
Switched to branch 'Ali'
$ git reset Alice --hard
HEAD is now at 83e99f2 Write to Alice
(modify Ali.txt and add another png)
$ git add .
$ git commit -m "Modify Ali"
[Ali d7fc7c3] Modify Ali
 3 files changed, 4 insertions(+), 4 deletions(-)
 create mode 100644 Ali.txt
 delete mode 100644 Alice.txt
 create mode 100644 work/Tree-view.png

$ git checkout -b Can
Switched to a new branch 'Can'
(Ali.txt --> Can.txt)
$ git add .
$ git commit -m "Same to Can"
[Can 9b87f3e] Same to Can
 2 files changed, 3 insertions(+), 4 deletions(-)
 delete mode 100644 Ali.txt
 create mode 100644 Can.txt

(5 commits in 4 branches)
$ git log --oneline
9b87f3e Same to Can
d7fc7c3 Modify Ali
83e99f2 Write to Alice
a134124 Letter to Ali
$ git branch -v
  Ali   d7fc7c3 Modify Ali
  Alice 83e99f2 Write to Alice
  Bob   6bc8fe6 Same to Bob
* Can   9b87f3e Same to Can


